<?xml version="1.0" encoding="UTF-8" ?>
<testsuites name="vitest tests" tests="64" failures="0" errors="0" time="3.391">
    <testsuite name="src/api-service/tests/e2e/api-endpoints.test.ts" timestamp="2025-07-12T02:14:32.693Z" hostname="Irfandis-MacBook-Pro.local" tests="27" failures="0" errors="0" skipped="0" time="1.49">
        <testcase classname="src/api-service/tests/e2e/api-endpoints.test.ts" name="API Service E2E Tests &gt; Authentication Endpoints &gt; POST /auth/login &gt; should authenticate user with valid Telegram data" time="0.016">
            <system-out>
Fresh mock database created and initialized for new test

            </system-out>
        </testcase>
        <testcase classname="src/api-service/tests/e2e/api-endpoints.test.ts" name="API Service E2E Tests &gt; Authentication Endpoints &gt; POST /auth/login &gt; should reject invalid Telegram hash" time="0.018">
            <system-out>
Fresh mock database created and initialized for new test

            </system-out>
        </testcase>
        <testcase classname="src/api-service/tests/e2e/api-endpoints.test.ts" name="API Service E2E Tests &gt; Authentication Endpoints &gt; POST /auth/login &gt; should handle rate limiting" time="0.013">
            <system-out>
Fresh mock database created and initialized for new test

            </system-out>
        </testcase>
        <testcase classname="src/api-service/tests/e2e/api-endpoints.test.ts" name="API Service E2E Tests &gt; Authentication Endpoints &gt; POST /auth/refresh &gt; should refresh valid token" time="0.009">
            <system-out>
Fresh mock database created and initialized for new test

            </system-out>
        </testcase>
        <testcase classname="src/api-service/tests/e2e/api-endpoints.test.ts" name="API Service E2E Tests &gt; Authentication Endpoints &gt; POST /auth/refresh &gt; should reject expired token" time="0.008">
            <system-out>
Fresh mock database created and initialized for new test

            </system-out>
        </testcase>
        <testcase classname="src/api-service/tests/e2e/api-endpoints.test.ts" name="API Service E2E Tests &gt; User Management Endpoints &gt; GET /users/profile &gt; should return user profile" time="0.057">
            <system-out>
Fresh mock database created and initialized for new test

            </system-out>
        </testcase>
        <testcase classname="src/api-service/tests/e2e/api-endpoints.test.ts" name="API Service E2E Tests &gt; User Management Endpoints &gt; GET /users/profile &gt; should handle user not found" time="0.022">
            <system-out>
Fresh mock database created and initialized for new test

            </system-out>
        </testcase>
        <testcase classname="src/api-service/tests/e2e/api-endpoints.test.ts" name="API Service E2E Tests &gt; User Management Endpoints &gt; PUT /users/profile &gt; should update user profile" time="0.01">
            <system-out>
Fresh mock database created and initialized for new test

            </system-out>
        </testcase>
        <testcase classname="src/api-service/tests/e2e/api-endpoints.test.ts" name="API Service E2E Tests &gt; User Management Endpoints &gt; PUT /users/profile &gt; should validate email format" time="0.009">
            <system-out>
Fresh mock database created and initialized for new test

            </system-out>
        </testcase>
        <testcase classname="src/api-service/tests/e2e/api-endpoints.test.ts" name="API Service E2E Tests &gt; Trading Endpoints &gt; GET /trading/positions &gt; should return user positions" time="0.016">
            <system-out>
Fresh mock database created and initialized for new test

            </system-out>
        </testcase>
        <testcase classname="src/api-service/tests/e2e/api-endpoints.test.ts" name="API Service E2E Tests &gt; Trading Endpoints &gt; GET /trading/positions &gt; should handle empty positions" time="0.012">
            <system-out>
Fresh mock database created and initialized for new test

            </system-out>
        </testcase>
        <testcase classname="src/api-service/tests/e2e/api-endpoints.test.ts" name="API Service E2E Tests &gt; Trading Endpoints &gt; POST /trading/positions &gt; should create new position" time="0.011">
            <system-out>
Fresh mock database created and initialized for new test

            </system-out>
        </testcase>
        <testcase classname="src/api-service/tests/e2e/api-endpoints.test.ts" name="API Service E2E Tests &gt; Trading Endpoints &gt; POST /trading/positions &gt; should handle insufficient balance" time="0.01">
            <system-out>
Fresh mock database created and initialized for new test

            </system-out>
        </testcase>
        <testcase classname="src/api-service/tests/e2e/api-endpoints.test.ts" name="API Service E2E Tests &gt; Trading Endpoints &gt; POST /trading/positions &gt; should handle expired opportunity" time="0.01">
            <system-out>
Fresh mock database created and initialized for new test

            </system-out>
        </testcase>
        <testcase classname="src/api-service/tests/e2e/api-endpoints.test.ts" name="API Service E2E Tests &gt; Trading Endpoints &gt; DELETE /trading/positions/:id &gt; should close position" time="0.012">
            <system-out>
Fresh mock database created and initialized for new test

            </system-out>
        </testcase>
        <testcase classname="src/api-service/tests/e2e/api-endpoints.test.ts" name="API Service E2E Tests &gt; Trading Endpoints &gt; DELETE /trading/positions/:id &gt; should handle position not found" time="0.01">
            <system-out>
Fresh mock database created and initialized for new test

            </system-out>
        </testcase>
        <testcase classname="src/api-service/tests/e2e/api-endpoints.test.ts" name="API Service E2E Tests &gt; Trading Endpoints &gt; DELETE /trading/positions/:id &gt; should handle unauthorized access" time="0.009">
            <system-out>
Fresh mock database created and initialized for new test

            </system-out>
        </testcase>
        <testcase classname="src/api-service/tests/e2e/api-endpoints.test.ts" name="API Service E2E Tests &gt; Market Data Endpoints &gt; GET /market/opportunities &gt; should return active opportunities" time="0.008">
            <system-out>
Fresh mock database created and initialized for new test

            </system-out>
        </testcase>
        <testcase classname="src/api-service/tests/e2e/api-endpoints.test.ts" name="API Service E2E Tests &gt; Market Data Endpoints &gt; GET /market/opportunities &gt; should filter opportunities by risk tolerance" time="0.007">
            <system-out>
Fresh mock database created and initialized for new test

            </system-out>
        </testcase>
        <testcase classname="src/api-service/tests/e2e/api-endpoints.test.ts" name="API Service E2E Tests &gt; Market Data Endpoints &gt; GET /market/prices/:symbol &gt; should return current price data" time="0.009">
            <system-out>
Fresh mock database created and initialized for new test

            </system-out>
        </testcase>
        <testcase classname="src/api-service/tests/e2e/api-endpoints.test.ts" name="API Service E2E Tests &gt; Market Data Endpoints &gt; GET /market/prices/:symbol &gt; should handle invalid symbol" time="0.007">
            <system-out>
Fresh mock database created and initialized for new test

            </system-out>
        </testcase>
        <testcase classname="src/api-service/tests/e2e/api-endpoints.test.ts" name="API Service E2E Tests &gt; Error Handling and Edge Cases &gt; should handle database connection errors" time="0.012">
            <system-out>
Fresh mock database created and initialized for new test

            </system-out>
        </testcase>
        <testcase classname="src/api-service/tests/e2e/api-endpoints.test.ts" name="API Service E2E Tests &gt; Error Handling and Edge Cases &gt; should handle external API failures" time="0.008">
            <system-out>
Fresh mock database created and initialized for new test

            </system-out>
        </testcase>
        <testcase classname="src/api-service/tests/e2e/api-endpoints.test.ts" name="API Service E2E Tests &gt; Error Handling and Edge Cases &gt; should handle malformed requests" time="0.009">
            <system-out>
Fresh mock database created and initialized for new test

            </system-out>
        </testcase>
        <testcase classname="src/api-service/tests/e2e/api-endpoints.test.ts" name="API Service E2E Tests &gt; Error Handling and Edge Cases &gt; should handle missing authorization header" time="0.007">
            <system-out>
Fresh mock database created and initialized for new test

            </system-out>
        </testcase>
        <testcase classname="src/api-service/tests/e2e/api-endpoints.test.ts" name="API Service E2E Tests &gt; Performance and Scalability &gt; should handle concurrent requests" time="0.106">
            <system-out>
Fresh mock database created and initialized for new test

            </system-out>
        </testcase>
        <testcase classname="src/api-service/tests/e2e/api-endpoints.test.ts" name="API Service E2E Tests &gt; Performance and Scalability &gt; should implement request caching" time="0.009">
            <system-out>
Fresh mock database created and initialized for new test

            </system-out>
        </testcase>
    </testsuite>
    <testsuite name="src/shared/tests/e2e/database-scenarios.test.ts" timestamp="2025-07-12T02:14:32.699Z" hostname="Irfandis-MacBook-Pro.local" tests="12" failures="0" errors="0" skipped="0" time="1.24">
        <testcase classname="src/shared/tests/e2e/database-scenarios.test.ts" name="Database E2E Scenarios &gt; User Registration Flow &gt; should handle complete new user registration with invitation" time="0.05">
        </testcase>
        <testcase classname="src/shared/tests/e2e/database-scenarios.test.ts" name="Database E2E Scenarios &gt; User Registration Flow &gt; should handle existing user login" time="0.027">
        </testcase>
        <testcase classname="src/shared/tests/e2e/database-scenarios.test.ts" name="Database E2E Scenarios &gt; User Registration Flow &gt; should reject invalid invitation codes" time="0.015">
        </testcase>
        <testcase classname="src/shared/tests/e2e/database-scenarios.test.ts" name="Database E2E Scenarios &gt; Session Management &gt; should handle session retrieval with KV caching" time="0.014">
        </testcase>
        <testcase classname="src/shared/tests/e2e/database-scenarios.test.ts" name="Database E2E Scenarios &gt; Session Management &gt; should handle session expiration" time="0.011">
        </testcase>
        <testcase classname="src/shared/tests/e2e/database-scenarios.test.ts" name="Database E2E Scenarios &gt; Trading Signals &gt; should create and cache trading signals" time="0.01">
        </testcase>
        <testcase classname="src/shared/tests/e2e/database-scenarios.test.ts" name="Database E2E Scenarios &gt; Trading Signals &gt; should maintain only latest 10 signals in cache" time="0.605">
        </testcase>
        <testcase classname="src/shared/tests/e2e/database-scenarios.test.ts" name="Database E2E Scenarios &gt; System Statistics &gt; should calculate comprehensive system stats" time="0.036">
        </testcase>
        <testcase classname="src/shared/tests/e2e/database-scenarios.test.ts" name="Database E2E Scenarios &gt; Performance and Scalability &gt; should handle concurrent user registrations" time="0.009">
        </testcase>
        <testcase classname="src/shared/tests/e2e/database-scenarios.test.ts" name="Database E2E Scenarios &gt; Performance and Scalability &gt; should handle large dataset operations" time="0.008">
        </testcase>
        <testcase classname="src/shared/tests/e2e/database-scenarios.test.ts" name="Database E2E Scenarios &gt; Error Handling and Recovery &gt; should handle database connection failures gracefully" time="0.009">
        </testcase>
        <testcase classname="src/shared/tests/e2e/database-scenarios.test.ts" name="Database E2E Scenarios &gt; Error Handling and Recovery &gt; should handle KV storage failures gracefully" time="0.009">
            <system-err>
KV caching failed: KV storage failed

            </system-err>
        </testcase>
    </testsuite>
    <testsuite name="src/telegram-bot/tests/e2e/bot-workflow.test.ts" timestamp="2025-07-12T02:14:32.700Z" hostname="Irfandis-MacBook-Pro.local" tests="13" failures="0" errors="0" skipped="0" time="0.429">
        <testcase classname="src/telegram-bot/tests/e2e/bot-workflow.test.ts" name="Telegram Bot E2E Workflows &gt; New User Onboarding Flow &gt; should complete full onboarding process" time="0.012">
            <system-out>
Fresh mock database created and initialized for new test

=== PROCESS TELEGRAM UPDATE START ===
Update object: {
  &quot;update_id&quot;: 1752286472205,
  &quot;message&quot;: {
    &quot;message_id&quot;: 1,
    &quot;from&quot;: {
      &quot;id&quot;: 123456789,
      &quot;is_bot&quot;: false,
      &quot;first_name&quot;: &quot;Test&quot;,
      &quot;last_name&quot;: &quot;User&quot;,
      &quot;username&quot;: &quot;testuser&quot;
    },
    &quot;chat&quot;: {
      &quot;id&quot;: 123456789,
      &quot;type&quot;: &quot;private&quot;
    },
    &quot;date&quot;: 1752286472,
    &quot;text&quot;: &quot;/start&quot;
  }
}
Processing update with message: {
  message_id: 1,
  from: {
    id: 123456789,
    is_bot: false,
    first_name: &apos;Test&apos;,
    last_name: &apos;User&apos;,
    username: &apos;testuser&apos;
  },
  chat: { id: 123456789, type: &apos;private&apos; },
  date: 1752286472,
  text: &apos;/start&apos;
}
Message text: /start
Extracted command: start
User ID for rate limiting: 123456789
Handler found: true for command: start
Executing handler for command: start
Start command triggered for user: 123456789
Looking for user with telegramId: 123456789

User found: null
[DEBUG] FeatureFlagManager: Reading from KV store key: rbac:global_flag:registration.invitation_required

[DEBUG] FeatureFlagManager: KV data for registration.invitation_required: null
[DEBUG] FeatureFlagManager: No KV data found for registration.invitation_required, returning null

[DEBUG] FeatureFlagManager: Reading from KV store key: rbac:global_flag:registration.bypass_for_existing

[DEBUG] FeatureFlagManager: KV data for registration.bypass_for_existing: null
[DEBUG] FeatureFlagManager: No KV data found for registration.bypass_for_existing, returning null

Handler response: {
  method: &apos;sendMessage&apos;,
  chat_id: 123456789,
  text: &apos;👋 &lt;b&gt;Welcome to Celebrum Trading Platform, Test!&lt;/b&gt;\n&apos; +
    &apos;\n&apos; +
    &apos;Click below to get started.&apos;,
  parse_mode: &apos;HTML&apos;,
  reply_markup: { inline_keyboard: [ [Array] ] }
}
=== PROCESS TELEGRAM UPDATE END ===

            </system-out>
        </testcase>
        <testcase classname="src/telegram-bot/tests/e2e/bot-workflow.test.ts" name="Telegram Bot E2E Workflows &gt; New User Onboarding Flow &gt; should handle onboarding callback interactions" time="0.006">
            <system-out>
Fresh mock database created and initialized for new test

=== PROCESS TELEGRAM UPDATE START ===
Update object: {
  &quot;update_id&quot;: 1752286472217,
  &quot;callback_query&quot;: {
    &quot;id&quot;: &quot;callback_1&quot;,
    &quot;from&quot;: {
      &quot;id&quot;: 123456789,
      &quot;is_bot&quot;: false,
      &quot;first_name&quot;: &quot;Test&quot;,
      &quot;username&quot;: &quot;testuser&quot;
    },
    &quot;message&quot;: {
      &quot;message_id&quot;: 2,
      &quot;chat&quot;: {
        &quot;id&quot;: 123456789,
        &quot;type&quot;: &quot;private&quot;
      },
      &quot;date&quot;: 1752286472,
      &quot;text&quot;: &quot;Welcome to CelebrumAI!&quot;
    },
    &quot;data&quot;: &quot;onboarding_start&quot;
  }
}
Processing callback query

            </system-out>
        </testcase>
        <testcase classname="src/telegram-bot/tests/e2e/bot-workflow.test.ts" name="Telegram Bot E2E Workflows &gt; New User Onboarding Flow &gt; should complete risk preference selection" time="0.008">
            <system-out>
Fresh mock database created and initialized for new test

=== PROCESS TELEGRAM UPDATE START ===
Update object: {
  &quot;update_id&quot;: 1752286472222,
  &quot;callback_query&quot;: {
    &quot;id&quot;: &quot;callback_2&quot;,
    &quot;from&quot;: {
      &quot;id&quot;: 123456789,
      &quot;is_bot&quot;: false,
      &quot;first_name&quot;: &quot;Test&quot;,
      &quot;username&quot;: &quot;testuser&quot;
    },
    &quot;message&quot;: {
      &quot;message_id&quot;: 2,
      &quot;chat&quot;: {
        &quot;id&quot;: 123456789,
        &quot;type&quot;: &quot;private&quot;
      },
      &quot;date&quot;: 1752286472,
      &quot;text&quot;: &quot;Previous message&quot;
    },
    &quot;data&quot;: &quot;risk_moderate&quot;
  }
}
Processing callback query

            </system-out>
        </testcase>
        <testcase classname="src/telegram-bot/tests/e2e/bot-workflow.test.ts" name="Telegram Bot E2E Workflows &gt; Trading Opportunities Workflow &gt; should display available trading opportunities" time="0.019">
            <system-out>
Fresh mock database created and initialized for new test

=== PROCESS TELEGRAM UPDATE START ===
Update object: {
  &quot;update_id&quot;: 1752286472236,
  &quot;message&quot;: {
    &quot;message_id&quot;: 3,
    &quot;from&quot;: {
      &quot;id&quot;: 123456789,
      &quot;is_bot&quot;: false,
      &quot;first_name&quot;: &quot;Test&quot;,
      &quot;username&quot;: &quot;testuser&quot;
    },
    &quot;chat&quot;: {
      &quot;id&quot;: 123456789,
      &quot;type&quot;: &quot;private&quot;
    },
    &quot;date&quot;: 1752286472,
    &quot;text&quot;: &quot;/opportunities&quot;
  }
}
Processing update with message: {
  message_id: 3,
  from: {
    id: 123456789,
    is_bot: false,
    first_name: &apos;Test&apos;,
    username: &apos;testuser&apos;
  },
  chat: { id: 123456789, type: &apos;private&apos; },
  date: 1752286472,
  text: &apos;/opportunities&apos;
}
Message text: /opportunities
Extracted command: opportunities
User ID for rate limiting: 123456789
Handler found: true for command: opportunities
Executing handler for command: opportunities
📊 Processing /opportunities command for user 123456789 with filter: all

Handler response: {
  method: &apos;sendMessage&apos;,
  chat_id: 123456789,
  text: &apos;📊 &lt;b&gt;Trading Opportunities&lt;/b&gt;\n&apos; +
    &apos;\n&apos; +
    &apos;📊 &lt;b&gt;Arbitrage Opportunities&lt;/b&gt;\n&apos; +
    &apos;\n&apos; +
    &apos;📈 &lt;b&gt;All Available Opportunities&lt;/b&gt;\n&apos; +
    &apos;\n&apos; +
    &apos;💎 BTC/USDT: 7.2% profit\n&apos; +
    &apos;🥈 ETH/USDT: 3.8% profit\n&apos; +
    &apos;🥉 ADA/USDT: 2.1% profit\n&apos; +
    &apos;\n&apos; +
    &apos;🔄 &lt;i&gt;Updated: 9:14:32 AM&lt;/i&gt;\n&apos; +
    &apos;\n&apos; +
    &apos;💡 Use /opportunities high for high-profit only&apos;,
  parse_mode: &apos;HTML&apos;
}
=== PROCESS TELEGRAM UPDATE END ===

            </system-out>
        </testcase>
        <testcase classname="src/telegram-bot/tests/e2e/bot-workflow.test.ts" name="Telegram Bot E2E Workflows &gt; Trading Opportunities Workflow &gt; should handle opportunity selection and position creation" time="0.005">
            <system-out>
Fresh mock database created and initialized for new test

=== PROCESS TELEGRAM UPDATE START ===
Update object: {
  &quot;update_id&quot;: 1752286472255,
  &quot;callback_query&quot;: {
    &quot;id&quot;: &quot;callback_3&quot;,
    &quot;from&quot;: {
      &quot;id&quot;: 123456789,
      &quot;is_bot&quot;: false,
      &quot;first_name&quot;: &quot;Test&quot;,
      &quot;username&quot;: &quot;testuser&quot;
    },
    &quot;message&quot;: {
      &quot;message_id&quot;: 4,
      &quot;chat&quot;: {
        &quot;id&quot;: 123456789,
        &quot;type&quot;: &quot;private&quot;
      },
      &quot;date&quot;: 1752286472,
      &quot;text&quot;: &quot;Previous message&quot;
    },
    &quot;data&quot;: &quot;opportunity_1&quot;
  }
}
Processing callback query

            </system-out>
        </testcase>
        <testcase classname="src/telegram-bot/tests/e2e/bot-workflow.test.ts" name="Telegram Bot E2E Workflows &gt; Trading Opportunities Workflow &gt; should execute trade and create position" time="0.009">
            <system-out>
Fresh mock database created and initialized for new test

=== PROCESS TELEGRAM UPDATE START ===
Update object: {
  &quot;update_id&quot;: 1752286472263,
  &quot;callback_query&quot;: {
    &quot;id&quot;: &quot;callback_4&quot;,
    &quot;from&quot;: {
      &quot;id&quot;: 123456789,
      &quot;is_bot&quot;: false,
      &quot;first_name&quot;: &quot;Test&quot;,
      &quot;username&quot;: &quot;testuser&quot;
    },
    &quot;message&quot;: {
      &quot;message_id&quot;: 4,
      &quot;chat&quot;: {
        &quot;id&quot;: 123456789,
        &quot;type&quot;: &quot;private&quot;
      },
      &quot;date&quot;: 1752286472,
      &quot;text&quot;: &quot;Previous message&quot;
    },
    &quot;data&quot;: &quot;invest_250&quot;
  }
}
Processing callback query

            </system-out>
        </testcase>
        <testcase classname="src/telegram-bot/tests/e2e/bot-workflow.test.ts" name="Telegram Bot E2E Workflows &gt; Portfolio Management Workflow &gt; should display user portfolio" time="0.005">
            <system-out>
Fresh mock database created and initialized for new test

=== PROCESS TELEGRAM UPDATE START ===
Update object: {
  &quot;update_id&quot;: 1752286472272,
  &quot;message&quot;: {
    &quot;message_id&quot;: 5,
    &quot;from&quot;: {
      &quot;id&quot;: 123456789,
      &quot;is_bot&quot;: false,
      &quot;first_name&quot;: &quot;Test&quot;,
      &quot;username&quot;: &quot;testuser&quot;
    },
    &quot;chat&quot;: {
      &quot;id&quot;: 123456789,
      &quot;type&quot;: &quot;private&quot;
    },
    &quot;date&quot;: 1752286472,
    &quot;text&quot;: &quot;/portfolio&quot;
  }
}
Processing update with message: {
  message_id: 5,
  from: {
    id: 123456789,
    is_bot: false,
    first_name: &apos;Test&apos;,
    username: &apos;testuser&apos;
  },
  chat: { id: 123456789, type: &apos;private&apos; },
  date: 1752286472,
  text: &apos;/portfolio&apos;
}
Message text: /portfolio
Extracted command: portfolio
User ID for rate limiting: 123456789
Handler found: true for command: portfolio
Executing handler for command: portfolio

Handler response: {
  method: &apos;sendMessage&apos;,
  chat_id: 123456789,
  text: &apos;📊 &lt;b&gt;Your Portfolio&lt;/b&gt;\n\nNo active positions found.&apos;,
  parse_mode: &apos;HTML&apos;
}
=== PROCESS TELEGRAM UPDATE END ===

            </system-out>
        </testcase>
        <testcase classname="src/telegram-bot/tests/e2e/bot-workflow.test.ts" name="Telegram Bot E2E Workflows &gt; Portfolio Management Workflow &gt; should handle position closure" time="0.008">
            <system-out>
Fresh mock database created and initialized for new test

=== PROCESS TELEGRAM UPDATE START ===
Update object: {
  &quot;update_id&quot;: 1752286472279,
  &quot;callback_query&quot;: {
    &quot;id&quot;: &quot;callback_5&quot;,
    &quot;from&quot;: {
      &quot;id&quot;: 123456789,
      &quot;is_bot&quot;: false,
      &quot;first_name&quot;: &quot;Test&quot;,
      &quot;username&quot;: &quot;testuser&quot;
    },
    &quot;message&quot;: {
      &quot;message_id&quot;: 6,
      &quot;chat&quot;: {
        &quot;id&quot;: 123456789,
        &quot;type&quot;: &quot;private&quot;
      },
      &quot;date&quot;: 1752286472,
      &quot;text&quot;: &quot;Previous message&quot;
    },
    &quot;data&quot;: &quot;close_position_1&quot;
  }
}
Processing callback query

            </system-out>
        </testcase>
        <testcase classname="src/telegram-bot/tests/e2e/bot-workflow.test.ts" name="Telegram Bot E2E Workflows &gt; Error Handling and Edge Cases &gt; should handle opportunities command" time="0.008">
            <system-out>
Fresh mock database created and initialized for new test

=== PROCESS TELEGRAM UPDATE START ===
Update object: {
  &quot;update_id&quot;: 1752286472293,
  &quot;message&quot;: {
    &quot;message_id&quot;: 7,
    &quot;from&quot;: {
      &quot;id&quot;: 123456789,
      &quot;is_bot&quot;: false,
      &quot;first_name&quot;: &quot;Test&quot;,
      &quot;username&quot;: &quot;testuser&quot;
    },
    &quot;chat&quot;: {
      &quot;id&quot;: 123456789,
      &quot;type&quot;: &quot;private&quot;
    },
    &quot;date&quot;: 1752286472,
    &quot;text&quot;: &quot;/opportunities&quot;
  }
}
Processing update with message: {
  message_id: 7,
  from: {
    id: 123456789,
    is_bot: false,
    first_name: &apos;Test&apos;,
    username: &apos;testuser&apos;
  },
  chat: { id: 123456789, type: &apos;private&apos; },
  date: 1752286472,
  text: &apos;/opportunities&apos;
}
Message text: /opportunities
Extracted command: opportunities
User ID for rate limiting: 123456789
Handler found: true for command: opportunities
Executing handler for command: opportunities
📊 Processing /opportunities command for user 123456789 with filter: all

Handler response: {
  method: &apos;sendMessage&apos;,
  chat_id: 123456789,
  text: &apos;📊 &lt;b&gt;Trading Opportunities&lt;/b&gt;\n&apos; +
    &apos;\n&apos; +
    &apos;📊 &lt;b&gt;Arbitrage Opportunities&lt;/b&gt;\n&apos; +
    &apos;\n&apos; +
    &apos;📈 &lt;b&gt;All Available Opportunities&lt;/b&gt;\n&apos; +
    &apos;\n&apos; +
    &apos;💎 BTC/USDT: 7.2% profit\n&apos; +
    &apos;🥈 ETH/USDT: 3.8% profit\n&apos; +
    &apos;🥉 ADA/USDT: 2.1% profit\n&apos; +
    &apos;\n&apos; +
    &apos;🔄 &lt;i&gt;Updated: 9:14:32 AM&lt;/i&gt;\n&apos; +
    &apos;\n&apos; +
    &apos;💡 Use /opportunities high for high-profit only&apos;,
  parse_mode: &apos;HTML&apos;
}
=== PROCESS TELEGRAM UPDATE END ===

            </system-out>
        </testcase>
        <testcase classname="src/telegram-bot/tests/e2e/bot-workflow.test.ts" name="Telegram Bot E2E Workflows &gt; Error Handling and Edge Cases &gt; should handle insufficient balance scenarios" time="0.007">
            <system-out>
Fresh mock database created and initialized for new test

=== PROCESS TELEGRAM UPDATE START ===
Update object: {
  &quot;update_id&quot;: 1752286472302,
  &quot;callback_query&quot;: {
    &quot;id&quot;: &quot;callback_6&quot;,
    &quot;from&quot;: {
      &quot;id&quot;: 123456789,
      &quot;is_bot&quot;: false,
      &quot;first_name&quot;: &quot;Test&quot;,
      &quot;username&quot;: &quot;testuser&quot;
    },
    &quot;message&quot;: {
      &quot;message_id&quot;: 9,
      &quot;chat&quot;: {
        &quot;id&quot;: 123456789,
        &quot;type&quot;: &quot;private&quot;
      },
      &quot;date&quot;: 1752286472,
      &quot;text&quot;: &quot;Previous message&quot;
    },
    &quot;data&quot;: &quot;invest_500&quot;
  }
}
Processing callback query

            </system-out>
        </testcase>
        <testcase classname="src/telegram-bot/tests/e2e/bot-workflow.test.ts" name="Telegram Bot E2E Workflows &gt; Error Handling and Edge Cases &gt; should handle expired opportunities" time="0.007">
            <system-out>
Fresh mock database created and initialized for new test

=== PROCESS TELEGRAM UPDATE START ===
Update object: {
  &quot;update_id&quot;: 1752286472308,
  &quot;callback_query&quot;: {
    &quot;id&quot;: &quot;callback_7&quot;,
    &quot;from&quot;: {
      &quot;id&quot;: 123456789,
      &quot;is_bot&quot;: false,
      &quot;first_name&quot;: &quot;Test&quot;,
      &quot;username&quot;: &quot;testuser&quot;
    },
    &quot;message&quot;: {
      &quot;message_id&quot;: 10,
      &quot;chat&quot;: {
        &quot;id&quot;: 123456789,
        &quot;type&quot;: &quot;private&quot;
      },
      &quot;date&quot;: 1752286472,
      &quot;text&quot;: &quot;Previous message&quot;
    },
    &quot;data&quot;: &quot;opportunity_999&quot;
  }
}
Processing callback query

            </system-out>
        </testcase>
        <testcase classname="src/telegram-bot/tests/e2e/bot-workflow.test.ts" name="Telegram Bot E2E Workflows &gt; Performance and Reliability &gt; should handle high message volume" time="0.105">
            <system-out>
Fresh mock database created and initialized for new test

            </system-out>
        </testcase>
        <testcase classname="src/telegram-bot/tests/e2e/bot-workflow.test.ts" name="Telegram Bot E2E Workflows &gt; Performance and Reliability &gt; should implement rate limiting" time="0.196">
            <system-out>
Fresh mock database created and initialized for new test

            </system-out>
        </testcase>
    </testsuite>
    <testsuite name="src/web/tests/e2e/landing-page.test.ts" timestamp="2025-07-12T02:14:32.702Z" hostname="Irfandis-MacBook-Pro.local" tests="5" failures="0" errors="0" skipped="0" time="0.131">
        <testcase classname="src/web/tests/e2e/landing-page.test.ts" name="Landing Page Entry Point &gt; should have correct API routes structure" time="0.048">
        </testcase>
        <testcase classname="src/web/tests/e2e/landing-page.test.ts" name="Landing Page Entry Point &gt; should verify API health endpoint" time="0.017">
        </testcase>
        <testcase classname="src/web/tests/e2e/landing-page.test.ts" name="Landing Page Entry Point &gt; should verify API status endpoint" time="0.015">
        </testcase>
        <testcase classname="src/web/tests/e2e/landing-page.test.ts" name="Landing Page Entry Point &gt; should handle API errors gracefully" time="0.013">
        </testcase>
        <testcase classname="src/web/tests/e2e/landing-page.test.ts" name="Landing Page Entry Point &gt; should verify Telegram webhook endpoint" time="0.022">
        </testcase>
    </testsuite>
    <testsuite name="src/web/tests/e2e/user-flow.test.ts" timestamp="2025-07-12T02:14:32.702Z" hostname="Irfandis-MacBook-Pro.local" tests="7" failures="0" errors="0" skipped="0" time="0.101">
        <testcase classname="src/web/tests/e2e/user-flow.test.ts" name="Complete User Flow E2E Tests &gt; Landing Page Access &gt; should load landing page successfully" time="0.018">
            <system-out>
Fresh mock database created and initialized for new test

=== MOCK SETUP DEBUG ===
Test database instance: true
mockCreateDb configured to return: true
mockCreateDb calls so far: 0

=== MOCK SETUP COMPLETE ===

            </system-out>
        </testcase>
        <testcase classname="src/web/tests/e2e/user-flow.test.ts" name="Complete User Flow E2E Tests &gt; Landing Page Access &gt; should have working API health check" time="0.011">
            <system-out>
Fresh mock database created and initialized for new test

=== MOCK SETUP DEBUG ===
Test database instance: true
mockCreateDb configured to return: true
mockCreateDb calls so far: 0

=== MOCK SETUP COMPLETE ===

            </system-out>
        </testcase>
        <testcase classname="src/web/tests/e2e/user-flow.test.ts" name="Complete User Flow E2E Tests &gt; Landing Page Access &gt; should have working API status check" time="0.006">
            <system-out>
Fresh mock database created and initialized for new test

=== MOCK SETUP DEBUG ===
Test database instance: true
mockCreateDb configured to return: true
mockCreateDb calls so far: 0

=== MOCK SETUP COMPLETE ===

            </system-out>
        </testcase>
        <testcase classname="src/web/tests/e2e/user-flow.test.ts" name="Complete User Flow E2E Tests &gt; Telegram Bot Interaction Flow &gt; should handle new user /start command without invitation" time="0.011">
            <system-out>
Fresh mock database created and initialized for new test

=== MOCK SETUP DEBUG ===
Test database instance: true
mockCreateDb configured to return: true
mockCreateDb calls so far: 0

=== MOCK SETUP COMPLETE ===

=== PROCESS TELEGRAM UPDATE START ===
Update object: {
  &quot;update_id&quot;: 137200425,
  &quot;message&quot;: {
    &quot;message_id&quot;: 501361435,
    &quot;date&quot;: 1752286472,
    &quot;text&quot;: &quot;/start&quot;,
    &quot;from&quot;: {
      &quot;id&quot;: 54321,
      &quot;is_bot&quot;: false,
      &quot;first_name&quot;: &quot;Newuser&quot;,
      &quot;last_name&quot;: &quot;User&quot;,
      &quot;username&quot;: &quot;newuser&quot;,
      &quot;language_code&quot;: &quot;en&quot;
    },
    &quot;chat&quot;: {
      &quot;id&quot;: 54321,
      &quot;first_name&quot;: &quot;Newuser&quot;,
      &quot;last_name&quot;: &quot;User&quot;,
      &quot;username&quot;: &quot;newuser&quot;,
      &quot;type&quot;: &quot;private&quot;
    }
  }
}
Processing update with message: {
  message_id: 501361435,
  date: 1752286472,
  text: &apos;/start&apos;,
  from: {
    id: 54321,
    is_bot: false,
    first_name: &apos;Newuser&apos;,
    last_name: &apos;User&apos;,
    username: &apos;newuser&apos;,
    language_code: &apos;en&apos;
  },
  chat: {
    id: 54321,
    first_name: &apos;Newuser&apos;,
    last_name: &apos;User&apos;,
    username: &apos;newuser&apos;,
    type: &apos;private&apos;
  }
}
Message text: /start
Extracted command: start
User ID for rate limiting: 54321
Handler found: true for command: start
Executing handler for command: start
Start command triggered for user: 54321
Looking for user with telegramId: 54321

User found: null
[DEBUG] FeatureFlagManager: Reading from KV store key: rbac:global_flag:registration.invitation_required

[DEBUG] FeatureFlagManager: KV data for registration.invitation_required: null
[DEBUG] FeatureFlagManager: No KV data found for registration.invitation_required, returning null

[DEBUG] FeatureFlagManager: Reading from KV store key: rbac:global_flag:registration.bypass_for_existing

[DEBUG] FeatureFlagManager: KV data for registration.bypass_for_existing: null
[DEBUG] FeatureFlagManager: No KV data found for registration.bypass_for_existing, returning null

Handler response: {
  method: &apos;sendMessage&apos;,
  chat_id: 54321,
  text: &apos;🔑 &lt;b&gt;Invitation Required&lt;/b&gt;\n&apos; +
    &apos;\n&apos; +
    &apos;Hello Newuser! Celebrum Trading Platform is currently in private beta.\n&apos; +
    &apos;\n&apos; +
    &apos;Please use the /start command followed by your invitation code:\n&apos; +
    &apos;\n&apos; +
    &apos;&lt;code&gt;/start YOUR_INVITATION_CODE&lt;/code&gt;\n&apos; +
    &apos;\n&apos; +
    &quot;If you don&apos;t have an invitation code, please contact our team or join our waiting list.&quot;,
  parse_mode: &apos;HTML&apos;
}
=== PROCESS TELEGRAM UPDATE END ===

            </system-out>
        </testcase>
        <testcase classname="src/web/tests/e2e/user-flow.test.ts" name="Complete User Flow E2E Tests &gt; Telegram Bot Interaction Flow &gt; should handle new user registration with valid invitation" time="0.014">
            <system-out>
Fresh mock database created and initialized for new test

=== MOCK SETUP DEBUG ===
Test database instance: true
mockCreateDb configured to return: true
mockCreateDb calls so far: 0

=== MOCK SETUP COMPLETE ===

=== INVITATION TEST START ===
Inserting invitation code into test database...

Insert result: { success: true, meta: { changes: 1 } }
[MOCK DB DEBUG] Evaluating condition with queryChunks - type: function
[MOCK DB DEBUG] Condition has queryChunks: false length: undefined
[MOCK DB DEBUG] Handling as single condition

Inserted invitation: {
  &quot;id&quot;: 1,
  &quot;code&quot;: &quot;BETA2025&quot;,
  &quot;createdBy&quot;: &quot;admin&quot;,
  &quot;createdAt&quot;: &quot;2025-07-12T02:14:32.256Z&quot;,
  &quot;expiresAt&quot;: &quot;2025-07-13T02:14:32.256Z&quot;,
  &quot;maxUses&quot;: 1,
  &quot;currentUses&quot;: 0,
  &quot;isActive&quot;: true,
  &quot;updatedAt&quot;: &quot;2025-07-12T02:14:32.256Z&quot;
}
createDb mock configured: true
Sending telegram update: {
  &quot;update_id&quot;: 243312635,
  &quot;message&quot;: {
    &quot;message_id&quot;: 42177798,
    &quot;date&quot;: 1752286472,
    &quot;text&quot;: &quot;/start BETA2025&quot;,
    &quot;from&quot;: {
      &quot;id&quot;: 54322,
      &quot;is_bot&quot;: false,
      &quot;first_name&quot;: &quot;Betauser&quot;,
      &quot;last_name&quot;: &quot;User&quot;,
      &quot;username&quot;: &quot;betauser&quot;,
      &quot;language_code&quot;: &quot;en&quot;
    },
    &quot;chat&quot;: {
      &quot;id&quot;: 54322,
      &quot;first_name&quot;: &quot;Betauser&quot;,
      &quot;last_name&quot;: &quot;User&quot;,
      &quot;username&quot;: &quot;betauser&quot;,
      &quot;type&quot;: &quot;private&quot;
    }
  }
}

=== PROCESS TELEGRAM UPDATE START ===
Update object: {
  &quot;update_id&quot;: 243312635,
  &quot;message&quot;: {
    &quot;message_id&quot;: 42177798,
    &quot;date&quot;: 1752286472,
    &quot;text&quot;: &quot;/start BETA2025&quot;,
    &quot;from&quot;: {
      &quot;id&quot;: 54322,
      &quot;is_bot&quot;: false,
      &quot;first_name&quot;: &quot;Betauser&quot;,
      &quot;last_name&quot;: &quot;User&quot;,
      &quot;username&quot;: &quot;betauser&quot;,
      &quot;language_code&quot;: &quot;en&quot;
    },
    &quot;chat&quot;: {
      &quot;id&quot;: 54322,
      &quot;first_name&quot;: &quot;Betauser&quot;,
      &quot;last_name&quot;: &quot;User&quot;,
      &quot;username&quot;: &quot;betauser&quot;,
      &quot;type&quot;: &quot;private&quot;
    }
  }
}
Processing update with message: {
  message_id: 42177798,
  date: 1752286472,
  text: &apos;/start BETA2025&apos;,
  from: {
    id: 54322,
    is_bot: false,
    first_name: &apos;Betauser&apos;,
    last_name: &apos;User&apos;,
    username: &apos;betauser&apos;,
    language_code: &apos;en&apos;
  },
  chat: {
    id: 54322,
    first_name: &apos;Betauser&apos;,
    last_name: &apos;User&apos;,
    username: &apos;betauser&apos;,
    type: &apos;private&apos;
  }
}
Message text: /start BETA2025
Extracted command: start
User ID for rate limiting: 54322
Handler found: true for command: start
Executing handler for command: start
Start command triggered for user: 54322
Looking for user with telegramId: 54322

User found: null
[DEBUG] FeatureFlagManager: Reading from KV store key: rbac:global_flag:registration.invitation_required

[DEBUG] FeatureFlagManager: KV data for registration.invitation_required: null
[DEBUG] FeatureFlagManager: No KV data found for registration.invitation_required, returning null

[DEBUG] FeatureFlagManager: Reading from KV store key: rbac:global_flag:registration.bypass_for_existing

[DEBUG] FeatureFlagManager: KV data for registration.bypass_for_existing: null
[DEBUG] FeatureFlagManager: No KV data found for registration.bypass_for_existing, returning null

[MOCK DB DEBUG] Evaluating condition with queryChunks - type: object
[MOCK DB DEBUG] Condition has queryChunks: true length: 5
[MOCK DB DEBUG] Found condition with queryChunks: 5
[MOCK DB DEBUG] Has logical operator: false
[MOCK DB DEBUG] Has nested conditions: false
[MOCK DB DEBUG] Handling as single condition
[MOCK DB DEBUG] Evaluating condition with queryChunks - type: object
[MOCK DB DEBUG] Record being evaluated: {
  id: 1,
  code: &apos;BETA2025&apos;,
  createdBy: &apos;admin&apos;,
  createdAt: 2025-07-12T02:14:32.256Z,
  expiresAt: 2025-07-13T02:14:32.256Z,
  maxUses: 1,
  currentUses: 0,
  isActive: true,
  updatedAt: &apos;2025-07-12T02:14:32.256Z&apos;
}
[MOCK DB DEBUG] Processing chunk 0: [ &apos;&apos; ]
[MOCK DB DEBUG] Processing chunk 1: code
[MOCK DB DEBUG] Found column name: code
[MOCK DB DEBUG] Processing chunk 2: [ &apos; = &apos; ]
[MOCK DB DEBUG] Processing chunk 3: BETA2025
[MOCK DB DEBUG] Found value: BETA2025
[MOCK DB DEBUG] Processing chunk 4: [ &apos;&apos; ]
[MOCK DB DEBUG] Before comparison:
[MOCK DB DEBUG]   Column: code -&gt; Property: code
[MOCK DB DEBUG]   Expected: BETA2025 (string)
[MOCK DB DEBUG]   Actual: BETA2025 (string)
[MOCK DB DEBUG] Final comparison result: true

[MOCK DB DEBUG] Evaluating condition with queryChunks - type: object
[MOCK DB DEBUG] Condition has queryChunks: true length: 5
[MOCK DB DEBUG] Found condition with queryChunks: 5
[MOCK DB DEBUG] Has logical operator: false
[MOCK DB DEBUG] Has nested conditions: false
[MOCK DB DEBUG] Handling as single condition
[MOCK DB DEBUG] Evaluating condition with queryChunks - type: object
[MOCK DB DEBUG] Record being evaluated: {
  id: 1,
  code: &apos;BETA2025&apos;,
  createdBy: &apos;admin&apos;,
  createdAt: 2025-07-12T02:14:32.256Z,
  expiresAt: 2025-07-13T02:14:32.256Z,
  maxUses: 1,
  currentUses: 0,
  isActive: true,
  updatedAt: &apos;2025-07-12T02:14:32.256Z&apos;
}
[MOCK DB DEBUG] Processing chunk 0: [ &apos;&apos; ]
[MOCK DB DEBUG] Processing chunk 1: code
[MOCK DB DEBUG] Found column name: code
[MOCK DB DEBUG] Processing chunk 2: [ &apos; = &apos; ]
[MOCK DB DEBUG] Processing chunk 3: BETA2025
[MOCK DB DEBUG] Found value: BETA2025
[MOCK DB DEBUG] Processing chunk 4: [ &apos;&apos; ]
[MOCK DB DEBUG] Before comparison:
[MOCK DB DEBUG]   Column: code -&gt; Property: code
[MOCK DB DEBUG]   Expected: BETA2025 (string)
[MOCK DB DEBUG]   Actual: BETA2025 (string)
[MOCK DB DEBUG] Final comparison result: true

[MOCK DB DEBUG] Evaluating condition with queryChunks - type: object
[MOCK DB DEBUG] Condition has queryChunks: true length: 5
[MOCK DB DEBUG] Found condition with queryChunks: 5
[MOCK DB DEBUG] Has logical operator: false
[MOCK DB DEBUG] Has nested conditions: false
[MOCK DB DEBUG] Handling as single condition
[MOCK DB DEBUG] Evaluating condition with queryChunks - type: object
[MOCK DB DEBUG] Record being evaluated: {
  id: 1,
  code: &apos;BETA2025&apos;,
  createdBy: &apos;admin&apos;,
  createdAt: 2025-07-12T02:14:32.256Z,
  expiresAt: 2025-07-13T02:14:32.256Z,
  maxUses: 1,
  currentUses: 0,
  isActive: true,
  updatedAt: &apos;2025-07-12T02:14:32.256Z&apos;
}
[MOCK DB DEBUG] Processing chunk 0: [ &apos;&apos; ]
[MOCK DB DEBUG] Processing chunk 1: code
[MOCK DB DEBUG] Found column name: code
[MOCK DB DEBUG] Processing chunk 2: [ &apos; = &apos; ]
[MOCK DB DEBUG] Processing chunk 3: BETA2025
[MOCK DB DEBUG] Found value: BETA2025
[MOCK DB DEBUG] Processing chunk 4: [ &apos;&apos; ]
[MOCK DB DEBUG] Before comparison:
[MOCK DB DEBUG]   Column: code -&gt; Property: code
[MOCK DB DEBUG]   Expected: BETA2025 (string)
[MOCK DB DEBUG]   Actual: BETA2025 (string)
[MOCK DB DEBUG] Final comparison result: true

Handler response: {
  method: &apos;sendMessage&apos;,
  chat_id: 54322,
  text: &apos;🚀 &lt;b&gt;Welcome to Celebrum Trading Platform, Betauser!&lt;/b&gt;\n&apos; +
    &apos;\n&apos; +
    &quot;Your account has been created. I&apos;m your AI-powered trading assistant. Here&apos;s what I can help you with:\n&quot; +
    &apos;\n&apos; +
    &apos;📊 &lt;b&gt;Market Analysis&lt;/b&gt;\n&apos; +
    &apos;• Real-time arbitrage opportunities\n&apos; +
    &apos;• Price tracking across exchanges\n&apos; +
    &apos;• Market insights and trends\n&apos; +
    &apos;\n&apos; +
    &apos;🛠️ &lt;b&gt;Trading Tools&lt;/b&gt;\n&apos; +
    &apos;• Portfolio management\n&apos; +
    &apos;• Risk assessment\n&apos; +
    &apos;• Trade execution assistance\n&apos; +
    &apos;\n&apos; +
    &apos;Type /help to see all available commands or /opportunities to get started!\n&apos; +
    &apos;\n&apos; +
    &quot;&lt;i&gt;Ready to maximize your trading potential? Let&apos;s go! 🎯&lt;/i&gt;\n&quot; +
    &apos;\n&apos; +
    &apos;(Session ID: 2a605e26-5f25-47ad-9c9e-ada0a8c80a51)&apos;,
  parse_mode: &apos;HTML&apos;,
  reply_markup: { inline_keyboard: [ [Array], [Array], [Array], [Array], [Array] ] }
}
=== PROCESS TELEGRAM UPDATE END ===

createDb mock calls after webhook: 0
createDb mock return values: []

Raw response text: {&quot;method&quot;:&quot;sendMessage&quot;,&quot;chat_id&quot;:54322,&quot;text&quot;:&quot;🚀 &lt;b&gt;Welcome to Celebrum Trading Platform, Betauser!&lt;/b&gt;\n\nYour account has been created. I&apos;m your AI-powered trading assistant. Here&apos;s what I can help you with:\n\n📊 &lt;b&gt;Market Analysis&lt;/b&gt;\n• Real-time arbitrage opportunities\n• Price tracking across exchanges\n• Market insights and trends\n\n🛠️ &lt;b&gt;Trading Tools&lt;/b&gt;\n• Portfolio management\n• Risk assessment\n• Trade execution assistance\n\nType /help to see all available commands or /opportunities to get started!\n\n&lt;i&gt;Ready to maximize your trading potential? Let&apos;s go! 🎯&lt;/i&gt;\n\n(Session ID: 2a605e26-5f25-47ad-9c9e-ada0a8c80a51)&quot;,&quot;parse_mode&quot;:&quot;HTML&quot;,&quot;reply_markup&quot;:{&quot;inline_keyboard&quot;:[[{&quot;text&quot;:&quot;Arbitrage Opportunities&quot;,&quot;callback_data&quot;:&quot;opportunities arbitrage&quot;}],[{&quot;text&quot;:&quot;Technical Analysis Opportunities&quot;,&quot;callback_data&quot;:&quot;opportunities technical&quot;}],[{&quot;text&quot;:&quot;Profile&quot;,&quot;callback_data&quot;:&quot;profile&quot;}],[{&quot;text&quot;:&quot;Settings&quot;,&quot;callback_data&quot;:&quot;settings&quot;}],[{&quot;text&quot;:&quot;Help&quot;,&quot;callback_data&quot;:&quot;help&quot;}]]}}
Parsed bot response: {
  &quot;method&quot;: &quot;sendMessage&quot;,
  &quot;chat_id&quot;: 54322,
  &quot;text&quot;: &quot;🚀 &lt;b&gt;Welcome to Celebrum Trading Platform, Betauser!&lt;/b&gt;\n\nYour account has been created. I&apos;m your AI-powered trading assistant. Here&apos;s what I can help you with:\n\n📊 &lt;b&gt;Market Analysis&lt;/b&gt;\n• Real-time arbitrage opportunities\n• Price tracking across exchanges\n• Market insights and trends\n\n🛠️ &lt;b&gt;Trading Tools&lt;/b&gt;\n• Portfolio management\n• Risk assessment\n• Trade execution assistance\n\nType /help to see all available commands or /opportunities to get started!\n\n&lt;i&gt;Ready to maximize your trading potential? Let&apos;s go! 🎯&lt;/i&gt;\n\n(Session ID: 2a605e26-5f25-47ad-9c9e-ada0a8c80a51)&quot;,
  &quot;parse_mode&quot;: &quot;HTML&quot;,
  &quot;reply_markup&quot;: {
    &quot;inline_keyboard&quot;: [
      [
        {
          &quot;text&quot;: &quot;Arbitrage Opportunities&quot;,
          &quot;callback_data&quot;: &quot;opportunities arbitrage&quot;
        }
      ],
      [
        {
          &quot;text&quot;: &quot;Technical Analysis Opportunities&quot;,
          &quot;callback_data&quot;: &quot;opportunities technical&quot;
        }
      ],
      [
        {
          &quot;text&quot;: &quot;Profile&quot;,
          &quot;callback_data&quot;: &quot;profile&quot;
        }
      ],
      [
        {
          &quot;text&quot;: &quot;Settings&quot;,
          &quot;callback_data&quot;: &quot;settings&quot;
        }
      ],
      [
        {
          &quot;text&quot;: &quot;Help&quot;,
          &quot;callback_data&quot;: &quot;help&quot;
        }
      ]
    ]
  }
}
=== INVITATION TEST END ===
[MOCK DB DEBUG] Evaluating condition with queryChunks - type: function
[MOCK DB DEBUG] Condition has queryChunks: false length: undefined
[MOCK DB DEBUG] Handling as single condition

            </system-out>
        </testcase>
        <testcase classname="src/web/tests/e2e/user-flow.test.ts" name="Complete User Flow E2E Tests &gt; Telegram Bot Interaction Flow &gt; should handle existing user /start command" time="0.01">
            <system-out>
Fresh mock database created and initialized for new test

=== MOCK SETUP DEBUG ===
Test database instance: true
mockCreateDb configured to return: true
mockCreateDb calls so far: 0

=== MOCK SETUP COMPLETE ===

=== EXISTING USER TEST START ===

User inserted into DB

Feature flag configured for existing user bypass
Telegram update created: {
  &quot;update_id&quot;: 916715176,
  &quot;message&quot;: {
    &quot;message_id&quot;: 527923005,
    &quot;date&quot;: 1752286472,
    &quot;text&quot;: &quot;/start&quot;,
    &quot;from&quot;: {
      &quot;id&quot;: 12345,
      &quot;is_bot&quot;: false,
      &quot;first_name&quot;: &quot;Existinguser&quot;,
      &quot;last_name&quot;: &quot;User&quot;,
      &quot;username&quot;: &quot;existinguser&quot;,
      &quot;language_code&quot;: &quot;en&quot;
    },
    &quot;chat&quot;: {
      &quot;id&quot;: 12345,
      &quot;first_name&quot;: &quot;Existinguser&quot;,
      &quot;last_name&quot;: &quot;User&quot;,
      &quot;username&quot;: &quot;existinguser&quot;,
      &quot;type&quot;: &quot;private&quot;
    }
  }
}

=== PROCESS TELEGRAM UPDATE START ===
Update object: {
  &quot;update_id&quot;: 916715176,
  &quot;message&quot;: {
    &quot;message_id&quot;: 527923005,
    &quot;date&quot;: 1752286472,
    &quot;text&quot;: &quot;/start&quot;,
    &quot;from&quot;: {
      &quot;id&quot;: 12345,
      &quot;is_bot&quot;: false,
      &quot;first_name&quot;: &quot;Existinguser&quot;,
      &quot;last_name&quot;: &quot;User&quot;,
      &quot;username&quot;: &quot;existinguser&quot;,
      &quot;language_code&quot;: &quot;en&quot;
    },
    &quot;chat&quot;: {
      &quot;id&quot;: 12345,
      &quot;first_name&quot;: &quot;Existinguser&quot;,
      &quot;last_name&quot;: &quot;User&quot;,
      &quot;username&quot;: &quot;existinguser&quot;,
      &quot;type&quot;: &quot;private&quot;
    }
  }
}
Processing update with message: {
  message_id: 527923005,
  date: 1752286472,
  text: &apos;/start&apos;,
  from: {
    id: 12345,
    is_bot: false,
    first_name: &apos;Existinguser&apos;,
    last_name: &apos;User&apos;,
    username: &apos;existinguser&apos;,
    language_code: &apos;en&apos;
  },
  chat: {
    id: 12345,
    first_name: &apos;Existinguser&apos;,
    last_name: &apos;User&apos;,
    username: &apos;existinguser&apos;,
    type: &apos;private&apos;
  }
}
Message text: /start
Extracted command: start
User ID for rate limiting: 12345
Handler found: true for command: start
Executing handler for command: start
Start command triggered for user: 12345
Looking for user with telegramId: 12345
[MOCK DB DEBUG] Evaluating condition with queryChunks - type: object
[MOCK DB DEBUG] Condition has queryChunks: true length: 5
[MOCK DB DEBUG] Found condition with queryChunks: 5
[MOCK DB DEBUG] Has logical operator: false
[MOCK DB DEBUG] Has nested conditions: false
[MOCK DB DEBUG] Handling as single condition
[MOCK DB DEBUG] Evaluating condition with queryChunks - type: object
[MOCK DB DEBUG] Record being evaluated: {
  id: 1,
  telegramId: &apos;12345&apos;,
  firstName: &apos;Existing&apos;,
  lastName: &apos;User&apos;,
  username: &apos;existinguser&apos;,
  email: &apos;existinguser@test.com&apos;,
  languageCode: &apos;en&apos;,
  role: &apos;user&apos;,
  createdAt: &apos;2025-07-12T02:14:32.270Z&apos;,
  updatedAt: &apos;2025-07-12T02:14:32.270Z&apos;
}
[MOCK DB DEBUG] Processing chunk 0: [ &apos;&apos; ]
[MOCK DB DEBUG] Processing chunk 1: telegram_id
[MOCK DB DEBUG] Found column name: telegram_id
[MOCK DB DEBUG] Processing chunk 2: [ &apos; = &apos; ]
[MOCK DB DEBUG] Processing chunk 3: 12345
[MOCK DB DEBUG] Found value: 12345
[MOCK DB DEBUG] Processing chunk 4: [ &apos;&apos; ]
[MOCK DB DEBUG] Before comparison:
[MOCK DB DEBUG]   Column: telegram_id -&gt; Property: telegramId
[MOCK DB DEBUG]   Expected: 12345 (string)
[MOCK DB DEBUG]   Actual: 12345 (string)
[MOCK DB DEBUG] Final comparison result: true

User found: {
  id: 1,
  telegramId: &apos;12345&apos;,
  firstName: &apos;Existing&apos;,
  lastName: &apos;User&apos;,
  username: &apos;existinguser&apos;,
  email: &apos;existinguser@test.com&apos;,
  languageCode: &apos;en&apos;,
  role: &apos;user&apos;,
  createdAt: &apos;2025-07-12T02:14:32.270Z&apos;,
  updatedAt: &apos;2025-07-12T02:14:32.270Z&apos;
}
[DEBUG] FeatureFlagManager: Reading from KV store key: rbac:global_flag:registration.invitation_required

[DEBUG] FeatureFlagManager: KV data for registration.invitation_required: null
[DEBUG] FeatureFlagManager: No KV data found for registration.invitation_required, returning null

[DEBUG] FeatureFlagManager: Reading from KV store key: rbac:global_flag:registration.bypass_for_existing

[DEBUG] FeatureFlagManager: KV data for registration.bypass_for_existing: null
[DEBUG] FeatureFlagManager: No KV data found for registration.bypass_for_existing, returning null

Updating user data from Telegram...
[MOCK DB DEBUG] Evaluating condition with queryChunks - type: object
[MOCK DB DEBUG] Condition has queryChunks: true length: 5
[MOCK DB DEBUG] Found condition with queryChunks: 5
[MOCK DB DEBUG] Has logical operator: false
[MOCK DB DEBUG] Has nested conditions: false
[MOCK DB DEBUG] Handling as single condition
[MOCK DB DEBUG] Evaluating condition with queryChunks - type: object
[MOCK DB DEBUG] Record being evaluated: {
  id: 1,
  telegramId: &apos;12345&apos;,
  firstName: &apos;Existing&apos;,
  lastName: &apos;User&apos;,
  username: &apos;existinguser&apos;,
  email: &apos;existinguser@test.com&apos;,
  languageCode: &apos;en&apos;,
  role: &apos;user&apos;,
  createdAt: &apos;2025-07-12T02:14:32.270Z&apos;,
  updatedAt: &apos;2025-07-12T02:14:32.270Z&apos;
}
[MOCK DB DEBUG] Processing chunk 0: [ &apos;&apos; ]
[MOCK DB DEBUG] Processing chunk 1: telegram_id
[MOCK DB DEBUG] Found column name: telegram_id
[MOCK DB DEBUG] Processing chunk 2: [ &apos; = &apos; ]
[MOCK DB DEBUG] Processing chunk 3: 12345
[MOCK DB DEBUG] Found value: 12345
[MOCK DB DEBUG] Processing chunk 4: [ &apos;&apos; ]
[MOCK DB DEBUG] Before comparison:
[MOCK DB DEBUG]   Column: telegram_id -&gt; Property: telegramId
[MOCK DB DEBUG]   Expected: 12345 (string)
[MOCK DB DEBUG]   Actual: 12345 (string)
[MOCK DB DEBUG] Final comparison result: true

[MOCK DB DEBUG] Evaluating condition with queryChunks - type: object
[MOCK DB DEBUG] Condition has queryChunks: true length: 5
[MOCK DB DEBUG] Found condition with queryChunks: 5
[MOCK DB DEBUG] Has logical operator: false
[MOCK DB DEBUG] Has nested conditions: false
[MOCK DB DEBUG] Handling as single condition
[MOCK DB DEBUG] Evaluating condition with queryChunks - type: object
[MOCK DB DEBUG] Record being evaluated: {
  id: 1,
  telegramId: &apos;12345&apos;,
  firstName: &apos;Existing&apos;,
  lastName: &apos;User&apos;,
  username: &apos;existinguser&apos;,
  email: &apos;existinguser@test.com&apos;,
  languageCode: &apos;en&apos;,
  role: &apos;user&apos;,
  createdAt: &apos;2025-07-12T02:14:32.270Z&apos;,
  updatedAt: &apos;2025-07-12T02:14:32.270Z&apos;
}
[MOCK DB DEBUG] Processing chunk 0: [ &apos;&apos; ]
[MOCK DB DEBUG] Processing chunk 1: id
[MOCK DB DEBUG] Found column name: id
[MOCK DB DEBUG] Processing chunk 2: [ &apos; = &apos; ]
[MOCK DB DEBUG] Processing chunk 3: 1
[MOCK DB DEBUG] Found value: 1
[MOCK DB DEBUG] Processing chunk 4: [ &apos;&apos; ]
[MOCK DB DEBUG] Before comparison:
[MOCK DB DEBUG]   Column: id -&gt; Property: id
[MOCK DB DEBUG]   Expected: 1 (number)
[MOCK DB DEBUG]   Actual: 1 (number)
[MOCK DB DEBUG] Final comparison result: true

User data updated successfully
Refetching updated user data...
[MOCK DB DEBUG] Evaluating condition with queryChunks - type: object
[MOCK DB DEBUG] Condition has queryChunks: true length: 5
[MOCK DB DEBUG] Found condition with queryChunks: 5
[MOCK DB DEBUG] Has logical operator: false
[MOCK DB DEBUG] Has nested conditions: false
[MOCK DB DEBUG] Handling as single condition
[MOCK DB DEBUG] Evaluating condition with queryChunks - type: object
[MOCK DB DEBUG] Record being evaluated: {
  id: 1,
  telegramId: &apos;12345&apos;,
  firstName: &apos;Existinguser&apos;,
  lastName: &apos;User&apos;,
  username: &apos;existinguser&apos;,
  email: &apos;existinguser@test.com&apos;,
  languageCode: &apos;en&apos;,
  role: &apos;user&apos;,
  createdAt: &apos;2025-07-12T02:14:32.270Z&apos;,
  updatedAt: &apos;2025-07-12T02:14:32.271Z&apos;,
  lastActiveAt: 2025-07-12T02:14:32.271Z
}
[MOCK DB DEBUG] Processing chunk 0: [ &apos;&apos; ]
[MOCK DB DEBUG] Processing chunk 1: telegram_id
[MOCK DB DEBUG] Found column name: telegram_id
[MOCK DB DEBUG] Processing chunk 2: [ &apos; = &apos; ]
[MOCK DB DEBUG] Processing chunk 3: 12345
[MOCK DB DEBUG] Found value: 12345
[MOCK DB DEBUG] Processing chunk 4: [ &apos;&apos; ]
[MOCK DB DEBUG] Before comparison:
[MOCK DB DEBUG]   Column: telegram_id -&gt; Property: telegramId
[MOCK DB DEBUG]   Expected: 12345 (string)
[MOCK DB DEBUG]   Actual: 12345 (string)
[MOCK DB DEBUG] Final comparison result: true

Updated user data refetched successfully
Deleting existing sessions...

Existing sessions deleted
Creating new session...

New session created: d7865de1-52ec-4785-8ac5-c65c56e79164

Handler response: {
  method: &apos;sendMessage&apos;,
  chat_id: 12345,
  text: &apos;👋 &lt;b&gt;Welcome back, Existinguser!&lt;/b&gt;\n&apos; +
    &apos;\n&apos; +
    &apos;Your trading journey continues. What would you like to do today?\n&apos; +
    &apos;\n&apos; +
    &apos;(Session ID: d7865de1-52ec-4785-8ac5-c65c56e79164)&apos;,
  parse_mode: &apos;HTML&apos;,
  reply_markup: { inline_keyboard: [ [Array], [Array], [Array], [Array], [Array] ] }
}
=== PROCESS TELEGRAM UPDATE END ===

Response status: 200
Response ok: true

Raw response text: {&quot;method&quot;:&quot;sendMessage&quot;,&quot;chat_id&quot;:12345,&quot;text&quot;:&quot;👋 &lt;b&gt;Welcome back, Existinguser!&lt;/b&gt;\n\nYour trading journey continues. What would you like to do today?\n\n(Session ID: d7865de1-52ec-4785-8ac5-c65c56e79164)&quot;,&quot;parse_mode&quot;:&quot;HTML&quot;,&quot;reply_markup&quot;:{&quot;inline_keyboard&quot;:[[{&quot;text&quot;:&quot;Arbitrage Opportunities&quot;,&quot;callback_data&quot;:&quot;opportunities arbitrage&quot;}],[{&quot;text&quot;:&quot;Technical Analysis Opportunities&quot;,&quot;callback_data&quot;:&quot;opportunities technical&quot;}],[{&quot;text&quot;:&quot;Profile&quot;,&quot;callback_data&quot;:&quot;profile&quot;}],[{&quot;text&quot;:&quot;Settings&quot;,&quot;callback_data&quot;:&quot;settings&quot;}],[{&quot;text&quot;:&quot;Help&quot;,&quot;callback_data&quot;:&quot;help&quot;}]]}}
Parsed bot response: {
  &quot;method&quot;: &quot;sendMessage&quot;,
  &quot;chat_id&quot;: 12345,
  &quot;text&quot;: &quot;👋 &lt;b&gt;Welcome back, Existinguser!&lt;/b&gt;\n\nYour trading journey continues. What would you like to do today?\n\n(Session ID: d7865de1-52ec-4785-8ac5-c65c56e79164)&quot;,
  &quot;parse_mode&quot;: &quot;HTML&quot;,
  &quot;reply_markup&quot;: {
    &quot;inline_keyboard&quot;: [
      [
        {
          &quot;text&quot;: &quot;Arbitrage Opportunities&quot;,
          &quot;callback_data&quot;: &quot;opportunities arbitrage&quot;
        }
      ],
      [
        {
          &quot;text&quot;: &quot;Technical Analysis Opportunities&quot;,
          &quot;callback_data&quot;: &quot;opportunities technical&quot;
        }
      ],
      [
        {
          &quot;text&quot;: &quot;Profile&quot;,
          &quot;callback_data&quot;: &quot;profile&quot;
        }
      ],
      [
        {
          &quot;text&quot;: &quot;Settings&quot;,
          &quot;callback_data&quot;: &quot;settings&quot;
        }
      ],
      [
        {
          &quot;text&quot;: &quot;Help&quot;,
          &quot;callback_data&quot;: &quot;help&quot;
        }
      ]
    ]
  }
}
=== EXISTING USER TEST END ===

            </system-out>
        </testcase>
        <testcase classname="src/web/tests/e2e/user-flow.test.ts" name="Complete User Flow E2E Tests &gt; Telegram Bot Interaction Flow &gt; should handle /help command for all user roles" time="0.011">
            <system-out>
Fresh mock database created and initialized for new test

=== MOCK SETUP DEBUG ===
Test database instance: true
mockCreateDb configured to return: true
mockCreateDb calls so far: 0

=== MOCK SETUP COMPLETE ===

=== INSERTING REGULAR USER ===

[MOCK DB DEBUG] Evaluating condition with queryChunks - type: function
[MOCK DB DEBUG] Condition has queryChunks: false length: undefined
[MOCK DB DEBUG] Handling as single condition

Inserted regular user: {
  &quot;id&quot;: 1,
  &quot;telegramId&quot;: &quot;111&quot;,
  &quot;firstName&quot;: &quot;Reg&quot;,
  &quot;lastName&quot;: &quot;User&quot;,
  &quot;username&quot;: &quot;reguser&quot;,
  &quot;email&quot;: &quot;reguser@test.com&quot;,
  &quot;role&quot;: &quot;user&quot;,
  &quot;languageCode&quot;: &quot;en&quot;,
  &quot;createdAt&quot;: &quot;2025-07-12T02:14:32.281Z&quot;,
  &quot;updatedAt&quot;: &quot;2025-07-12T02:14:32.281Z&quot;
}

=== PROCESS TELEGRAM UPDATE START ===
Update object: {
  &quot;update_id&quot;: 126507285,
  &quot;message&quot;: {
    &quot;message_id&quot;: 717601872,
    &quot;date&quot;: 1752286472,
    &quot;text&quot;: &quot;/help&quot;,
    &quot;from&quot;: {
      &quot;id&quot;: 111,
      &quot;is_bot&quot;: false,
      &quot;first_name&quot;: &quot;Reguser&quot;,
      &quot;last_name&quot;: &quot;User&quot;,
      &quot;username&quot;: &quot;reguser&quot;,
      &quot;language_code&quot;: &quot;en&quot;
    },
    &quot;chat&quot;: {
      &quot;id&quot;: 111,
      &quot;first_name&quot;: &quot;Reguser&quot;,
      &quot;last_name&quot;: &quot;User&quot;,
      &quot;username&quot;: &quot;reguser&quot;,
      &quot;type&quot;: &quot;private&quot;
    }
  }
}
Processing update with message: {
  message_id: 717601872,
  date: 1752286472,
  text: &apos;/help&apos;,
  from: {
    id: 111,
    is_bot: false,
    first_name: &apos;Reguser&apos;,
    last_name: &apos;User&apos;,
    username: &apos;reguser&apos;,
    language_code: &apos;en&apos;
  },
  chat: {
    id: 111,
    first_name: &apos;Reguser&apos;,
    last_name: &apos;User&apos;,
    username: &apos;reguser&apos;,
    type: &apos;private&apos;
  }
}
Message text: /help
Extracted command: help
User ID for rate limiting: 111
Handler found: true for command: help
Executing handler for command: help
=== HELP COMMAND DEBUG START ===
Help command - telegramId: 111
Help command - from object: {&quot;id&quot;:111,&quot;is_bot&quot;:false,&quot;first_name&quot;:&quot;Reguser&quot;,&quot;last_name&quot;:&quot;User&quot;,&quot;username&quot;:&quot;reguser&quot;,&quot;language_code&quot;:&quot;en&quot;}
[MOCK DB DEBUG] Evaluating condition with queryChunks - type: object
[MOCK DB DEBUG] Condition has queryChunks: true length: 5
[MOCK DB DEBUG] Found condition with queryChunks: 5
[MOCK DB DEBUG] Has logical operator: false
[MOCK DB DEBUG] Has nested conditions: false
[MOCK DB DEBUG] Handling as single condition
[MOCK DB DEBUG] Evaluating condition with queryChunks - type: object
[MOCK DB DEBUG] Record being evaluated: {
  id: 1,
  telegramId: &apos;111&apos;,
  firstName: &apos;Reg&apos;,
  lastName: &apos;User&apos;,
  username: &apos;reguser&apos;,
  email: &apos;reguser@test.com&apos;,
  role: &apos;user&apos;,
  languageCode: &apos;en&apos;,
  createdAt: &apos;2025-07-12T02:14:32.281Z&apos;,
  updatedAt: &apos;2025-07-12T02:14:32.281Z&apos;
}
[MOCK DB DEBUG] Processing chunk 0: [ &apos;&apos; ]
[MOCK DB DEBUG] Processing chunk 1: telegram_id
[MOCK DB DEBUG] Found column name: telegram_id
[MOCK DB DEBUG] Processing chunk 2: [ &apos; = &apos; ]
[MOCK DB DEBUG] Processing chunk 3: 111
[MOCK DB DEBUG] Found value: 111
[MOCK DB DEBUG] Processing chunk 4: [ &apos;&apos; ]
[MOCK DB DEBUG] Before comparison:
[MOCK DB DEBUG]   Column: telegram_id -&gt; Property: telegramId
[MOCK DB DEBUG]   Expected: 111 (string)
[MOCK DB DEBUG]   Actual: 111 (string)
[MOCK DB DEBUG] Final comparison result: true

Help command - user found: {&quot;id&quot;:1,&quot;telegramId&quot;:&quot;111&quot;,&quot;firstName&quot;:&quot;Reg&quot;,&quot;lastName&quot;:&quot;User&quot;,&quot;username&quot;:&quot;reguser&quot;,&quot;email&quot;:&quot;reguser@test.com&quot;,&quot;role&quot;:&quot;user&quot;,&quot;languageCode&quot;:&quot;en&quot;,&quot;createdAt&quot;:&quot;2025-07-12T02:14:32.281Z&quot;,&quot;updatedAt&quot;:&quot;2025-07-12T02:14:32.281Z&quot;}
Help command - user role: user
Help command - isSuperAdmin: false
=== HELP COMMAND DEBUG END ===

Handler response: {
  method: &apos;sendMessage&apos;,
  chat_id: 111,
  text: &apos;🤖 &lt;b&gt;Celebrum Trading Bot Commands&lt;/b&gt;\n&apos; +
    &apos;\n&apos; +
    &apos;🚀 /start [code] - Welcome message and registration\n&apos; +
    &apos;📊 /opportunities [filter] - View arbitrage opportunities\n&apos; +
    &apos;👤 /profile - View and manage your profile\n&apos; +
    &apos;💰 /balance - Check account balance and P&amp;L\n&apos; +
    &apos;⚙️ /settings - Configure trading preferences\n&apos; +
    &apos;🧪 /beta - Check your beta access status\n&apos; +
    &apos;❓ /help - Show this help message\n&apos; +
    &apos;📊 /status - Check bot status\n&apos; +
    &apos;\n&apos; +
    &apos;💡 &lt;i&gt;New users need an invitation code: /start YOUR_CODE&lt;/i&gt;&apos;,
  parse_mode: &apos;HTML&apos;
}
=== PROCESS TELEGRAM UPDATE END ===

=== INSERTING ADMIN USER ===

[MOCK DB DEBUG] Evaluating condition with queryChunks - type: function
[MOCK DB DEBUG] Condition has queryChunks: false length: undefined
[MOCK DB DEBUG] Handling as single condition
[MOCK DB DEBUG] Evaluating condition with queryChunks - type: function
[MOCK DB DEBUG] Condition has queryChunks: false length: undefined
[MOCK DB DEBUG] Handling as single condition

Inserted admin user: {
  &quot;id&quot;: 1,
  &quot;telegramId&quot;: &quot;111&quot;,
  &quot;firstName&quot;: &quot;Reg&quot;,
  &quot;lastName&quot;: &quot;User&quot;,
  &quot;username&quot;: &quot;reguser&quot;,
  &quot;email&quot;: &quot;reguser@test.com&quot;,
  &quot;role&quot;: &quot;user&quot;,
  &quot;languageCode&quot;: &quot;en&quot;,
  &quot;createdAt&quot;: &quot;2025-07-12T02:14:32.281Z&quot;,
  &quot;updatedAt&quot;: &quot;2025-07-12T02:14:32.281Z&quot;
}

All users in DB before admin help call: [
  {
    &quot;id&quot;: 1,
    &quot;telegramId&quot;: &quot;111&quot;,
    &quot;firstName&quot;: &quot;Reg&quot;,
    &quot;lastName&quot;: &quot;User&quot;,
    &quot;username&quot;: &quot;reguser&quot;,
    &quot;email&quot;: &quot;reguser@test.com&quot;,
    &quot;role&quot;: &quot;user&quot;,
    &quot;languageCode&quot;: &quot;en&quot;,
    &quot;createdAt&quot;: &quot;2025-07-12T02:14:32.281Z&quot;,
    &quot;updatedAt&quot;: &quot;2025-07-12T02:14:32.281Z&quot;
  },
  {
    &quot;id&quot;: 2,
    &quot;telegramId&quot;: &quot;222&quot;,
    &quot;firstName&quot;: &quot;Admin&quot;,
    &quot;lastName&quot;: &quot;User&quot;,
    &quot;username&quot;: &quot;adminuser&quot;,
    &quot;email&quot;: &quot;adminuser@test.com&quot;,
    &quot;role&quot;: &quot;superadmin&quot;,
    &quot;languageCode&quot;: &quot;en&quot;,
    &quot;createdAt&quot;: &quot;2025-07-12T02:14:32.283Z&quot;,
    &quot;updatedAt&quot;: &quot;2025-07-12T02:14:32.283Z&quot;
  }
]
=== ADMIN HELP TEST DEBUG ===
Admin user update: {
  &quot;update_id&quot;: 869398389,
  &quot;message&quot;: {
    &quot;message_id&quot;: 581723212,
    &quot;date&quot;: 1752286472,
    &quot;text&quot;: &quot;/help&quot;,
    &quot;from&quot;: {
      &quot;id&quot;: 222,
      &quot;is_bot&quot;: false,
      &quot;first_name&quot;: &quot;Adminuser&quot;,
      &quot;last_name&quot;: &quot;User&quot;,
      &quot;username&quot;: &quot;adminuser&quot;,
      &quot;language_code&quot;: &quot;en&quot;
    },
    &quot;chat&quot;: {
      &quot;id&quot;: 222,
      &quot;first_name&quot;: &quot;Adminuser&quot;,
      &quot;last_name&quot;: &quot;User&quot;,
      &quot;username&quot;: &quot;adminuser&quot;,
      &quot;type&quot;: &quot;private&quot;
    }
  }
}
=== TESTING DB CONNECTION DIRECTLY ===
[MOCK DB DEBUG] Evaluating condition with queryChunks - type: function
[MOCK DB DEBUG] Condition has queryChunks: false length: undefined
[MOCK DB DEBUG] Handling as single condition
[MOCK DB DEBUG] Evaluating condition with queryChunks - type: function
[MOCK DB DEBUG] Condition has queryChunks: false length: undefined
[MOCK DB DEBUG] Handling as single condition

Direct DB query result for admin user: {
  &quot;id&quot;: 1,
  &quot;telegramId&quot;: &quot;111&quot;,
  &quot;firstName&quot;: &quot;Reg&quot;,
  &quot;lastName&quot;: &quot;User&quot;,
  &quot;username&quot;: &quot;reguser&quot;,
  &quot;email&quot;: &quot;reguser@test.com&quot;,
  &quot;role&quot;: &quot;user&quot;,
  &quot;languageCode&quot;: &quot;en&quot;,
  &quot;createdAt&quot;: &quot;2025-07-12T02:14:32.281Z&quot;,
  &quot;updatedAt&quot;: &quot;2025-07-12T02:14:32.281Z&quot;
}

=== PROCESS TELEGRAM UPDATE START ===
Update object: {
  &quot;update_id&quot;: 869398389,
  &quot;message&quot;: {
    &quot;message_id&quot;: 581723212,
    &quot;date&quot;: 1752286472,
    &quot;text&quot;: &quot;/help&quot;,
    &quot;from&quot;: {
      &quot;id&quot;: 222,
      &quot;is_bot&quot;: false,
      &quot;first_name&quot;: &quot;Adminuser&quot;,
      &quot;last_name&quot;: &quot;User&quot;,
      &quot;username&quot;: &quot;adminuser&quot;,
      &quot;language_code&quot;: &quot;en&quot;
    },
    &quot;chat&quot;: {
      &quot;id&quot;: 222,
      &quot;first_name&quot;: &quot;Adminuser&quot;,
      &quot;last_name&quot;: &quot;User&quot;,
      &quot;username&quot;: &quot;adminuser&quot;,
      &quot;type&quot;: &quot;private&quot;
    }
  }
}
Processing update with message: {
  message_id: 581723212,
  date: 1752286472,
  text: &apos;/help&apos;,
  from: {
    id: 222,
    is_bot: false,
    first_name: &apos;Adminuser&apos;,
    last_name: &apos;User&apos;,
    username: &apos;adminuser&apos;,
    language_code: &apos;en&apos;
  },
  chat: {
    id: 222,
    first_name: &apos;Adminuser&apos;,
    last_name: &apos;User&apos;,
    username: &apos;adminuser&apos;,
    type: &apos;private&apos;
  }
}
Message text: /help
Extracted command: help
User ID for rate limiting: 222
Handler found: true for command: help
Executing handler for command: help
=== HELP COMMAND DEBUG START ===
Help command - telegramId: 222
Help command - from object: {&quot;id&quot;:222,&quot;is_bot&quot;:false,&quot;first_name&quot;:&quot;Adminuser&quot;,&quot;last_name&quot;:&quot;User&quot;,&quot;username&quot;:&quot;adminuser&quot;,&quot;language_code&quot;:&quot;en&quot;}
[MOCK DB DEBUG] Evaluating condition with queryChunks - type: object
[MOCK DB DEBUG] Condition has queryChunks: true length: 5
[MOCK DB DEBUG] Found condition with queryChunks: 5
[MOCK DB DEBUG] Has logical operator: false
[MOCK DB DEBUG] Has nested conditions: false
[MOCK DB DEBUG] Handling as single condition
[MOCK DB DEBUG] Evaluating condition with queryChunks - type: object
[MOCK DB DEBUG] Record being evaluated: {
  id: 1,
  telegramId: &apos;111&apos;,
  firstName: &apos;Reg&apos;,
  lastName: &apos;User&apos;,
  username: &apos;reguser&apos;,
  email: &apos;reguser@test.com&apos;,
  role: &apos;user&apos;,
  languageCode: &apos;en&apos;,
  createdAt: &apos;2025-07-12T02:14:32.281Z&apos;,
  updatedAt: &apos;2025-07-12T02:14:32.281Z&apos;
}
[MOCK DB DEBUG] Processing chunk 0: [ &apos;&apos; ]
[MOCK DB DEBUG] Processing chunk 1: telegram_id
[MOCK DB DEBUG] Found column name: telegram_id
[MOCK DB DEBUG] Processing chunk 2: [ &apos; = &apos; ]
[MOCK DB DEBUG] Processing chunk 3: 222
[MOCK DB DEBUG] Found value: 222
[MOCK DB DEBUG] Processing chunk 4: [ &apos;&apos; ]
[MOCK DB DEBUG] Before comparison:
[MOCK DB DEBUG]   Column: telegram_id -&gt; Property: telegramId
[MOCK DB DEBUG]   Expected: 222 (string)
[MOCK DB DEBUG]   Actual: 111 (string)
[MOCK DB DEBUG] Final comparison result: false
[MOCK DB DEBUG] Evaluating condition with queryChunks - type: object
[MOCK DB DEBUG] Condition has queryChunks: true length: 5
[MOCK DB DEBUG] Found condition with queryChunks: 5
[MOCK DB DEBUG] Has logical operator: false
[MOCK DB DEBUG] Has nested conditions: false
[MOCK DB DEBUG] Handling as single condition
[MOCK DB DEBUG] Evaluating condition with queryChunks - type: object
[MOCK DB DEBUG] Record being evaluated: {
  id: 2,
  telegramId: &apos;222&apos;,
  firstName: &apos;Admin&apos;,
  lastName: &apos;User&apos;,
  username: &apos;adminuser&apos;,
  email: &apos;adminuser@test.com&apos;,
  role: &apos;superadmin&apos;,
  languageCode: &apos;en&apos;,
  createdAt: &apos;2025-07-12T02:14:32.283Z&apos;,
  updatedAt: &apos;2025-07-12T02:14:32.283Z&apos;
}
[MOCK DB DEBUG] Processing chunk 0: [ &apos;&apos; ]
[MOCK DB DEBUG] Processing chunk 1: telegram_id
[MOCK DB DEBUG] Found column name: telegram_id
[MOCK DB DEBUG] Processing chunk 2: [ &apos; = &apos; ]
[MOCK DB DEBUG] Processing chunk 3: 222
[MOCK DB DEBUG] Found value: 222
[MOCK DB DEBUG] Processing chunk 4: [ &apos;&apos; ]
[MOCK DB DEBUG] Before comparison:
[MOCK DB DEBUG]   Column: telegram_id -&gt; Property: telegramId
[MOCK DB DEBUG]   Expected: 222 (string)
[MOCK DB DEBUG]   Actual: 222 (string)
[MOCK DB DEBUG] Final comparison result: true

Help command - user found: {&quot;id&quot;:2,&quot;telegramId&quot;:&quot;222&quot;,&quot;firstName&quot;:&quot;Admin&quot;,&quot;lastName&quot;:&quot;User&quot;,&quot;username&quot;:&quot;adminuser&quot;,&quot;email&quot;:&quot;adminuser@test.com&quot;,&quot;role&quot;:&quot;superadmin&quot;,&quot;languageCode&quot;:&quot;en&quot;,&quot;createdAt&quot;:&quot;2025-07-12T02:14:32.283Z&quot;,&quot;updatedAt&quot;:&quot;2025-07-12T02:14:32.283Z&quot;}
Help command - user role: superadmin
Help command - isSuperAdmin: true
=== HELP COMMAND DEBUG END ===

Handler response: {
  method: &apos;sendMessage&apos;,
  chat_id: 222,
  text: &apos;🤖 &lt;b&gt;Celebrum Trading Bot Commands&lt;/b&gt;\n&apos; +
    &apos;\n&apos; +
    &apos;🚀 /start [code] - Welcome message and registration\n&apos; +
    &apos;📊 /opportunities [filter] - View arbitrage opportunities\n&apos; +
    &apos;👤 /profile - View and manage your profile\n&apos; +
    &apos;💰 /balance - Check account balance and P&amp;L\n&apos; +
    &apos;⚙️ /settings - Configure trading preferences\n&apos; +
    &apos;🧪 /beta - Check your beta access status\n&apos; +
    &apos;❓ /help - Show this help message\n&apos; +
    &apos;📊 /status - Check bot status\n&apos; +
    &apos;\n&apos; +
    &apos;&lt;b&gt;👑 Admin Commands&lt;/b&gt;\n&apos; +
    &apos;🔑 /createinvites &lt;count&gt; [purpose] [max_uses] [expires_days] - Create invitation codes\n&apos; +
    &apos;📊 /invitestats - View invitation statistics\n&apos; +
    &apos;\n&apos; +
    &apos;💡 &lt;i&gt;New users need an invitation code: /start YOUR_CODE&lt;/i&gt;&apos;,
  parse_mode: &apos;HTML&apos;
}
=== PROCESS TELEGRAM UPDATE END ===

Admin response status: 200
Admin response headers: { &apos;content-type&apos;: &apos;application/json&apos; }

=== ADMIN RESPONSE DEBUG ===
Full admin response text: 🤖 &lt;b&gt;Celebrum Trading Bot Commands&lt;/b&gt;

🚀 /start [code] - Welcome message and registration
📊 /opportunities [filter] - View arbitrage opportunities
👤 /profile - View and manage your profile
💰 /balance - Check account balance and P&amp;L
⚙️ /settings - Configure trading preferences
🧪 /beta - Check your beta access status
❓ /help - Show this help message
📊 /status - Check bot status

&lt;b&gt;👑 Admin Commands&lt;/b&gt;
🔑 /createinvites &lt;count&gt; [purpose] [max_uses] [expires_days] - Create invitation codes
📊 /invitestats - View invitation statistics

💡 &lt;i&gt;New users need an invitation code: /start YOUR_CODE&lt;/i&gt;
Contains Admin Commands? true
=== END ADMIN RESPONSE DEBUG ===

            </system-out>
        </testcase>
    </testsuite>
</testsuites>
